
> openjarvis-chat@0.1.0 build
> tsc -b && vite build

[36mvite v6.4.1 [32mbuilding for production...[36m[39m
transforming...
[32mΓ£ô[39m 3324 modules transformed.
node.exe : [33mGenerated an empty chunk: "react".[39m
At line:1 char:1
+ & "C:\Program Files\nodejs/node.exe" "C:\Program Files\nodejs/node_mo ...
+ ~~~~~~~~~~~~~~~~~~~~~~~~~~~~~~~~~~~~~~~~~~~~~~~~~~~~~~~~~~~~~~~~~~~~~
    + CategoryInfo          : NotSpecified: ([33mGenerated ...: "react".[39m:String) [], RemoteException
    + FullyQualifiedErrorId : NativeCommandError
 
rendering chunks...
computing gzip size...
[2m../src/openjarvis/server/static/[22m[32mregisterSW.js                                    [39m[1m[2m  0.13 kB[22m[1m[22m
[2m../src/openjarvis/server/static/[22m[32mmanifest.webmanifest                             [39m[1m[2m  0.34 kB[22m[1m[22m
[2m../src/openjarvis/server/static/[22m[32mindex.html                                       [39m[1m[2m  0.97 kB[22m[1m[22m[2m Γöé gzip:   0.47 kB[22m
[2m../src/openjarvis/server/static/[22m[32massets/KaTeX_Size3-Regular-CTq5MqoE.woff         [39m[1m[2m  4.42 kB[22m[1m[22m
[2m../src/openjarvis/server/static/[22m[32massets/KaTeX_Size4-Regular-Dl5lxZxV.woff2        [39m[1m[2m  4.93 kB[22m[1m[22m
[2m../src/openjarvis/server/static/[22m[32massets/KaTeX_Size2-Regular-Dy4dx90m.woff2        [39m[1m[2m  5.21 kB[22m[1m[22m
[2m../src/openjarvis/server/static/[22m[32massets/KaTeX_Size1-Regular-mCD8mA8B.woff2        [39m[1m[2m  5.47 kB[22m[1m[22m
[2m../src/openjarvis/server/static/[22m[32massets/KaTeX_Size4-Regular-BF-4gkZK.woff         [39m[1m[2m  5.98 kB[22m[1m[22m
[2m../src/openjarvis/server/static/[22m[32massets/KaTeX_Size2-Regular-oD1tc_U0.woff         [39m[1m[2m  6.19 kB[22m[1m[22m
[2m../src/openjarvis/server/static/[22m[32massets/KaTeX_Size1-Regular-C195tn64.woff         [39m[1m[2m  6.50 kB[22m[1m[22m
[2m../src/openjarvis/server/static/[22m[32massets/KaTeX_Caligraphic-Regular-Di6jR-x-.woff2  [39m[1m[2m  6.91 kB[22m[1m[22m
[2m../src/openjarvis/server/static/[22m[32massets/KaTeX_Caligraphic-Bold-Dq_IR9rO.woff2     [39m[1m[2m  6.91 kB[22m[1m[22m
[2m../src/openjarvis/server/static/[22m[32massets/KaTeX_Size3-Regular-DgpXs0kz.ttf          [39m[1m[2m  7.59 kB[22m[1m[22m
[2m../src/openjarvis/server/static/[22m[32massets/KaTeX_Caligraphic-Regular-CTRA-rTL.woff   [39m[1m[2m  7.66 kB[22m[1m[22m
[2m../src/openjarvis/server/static/[22m[32massets/KaTeX_Caligraphic-Bold-BEiXGLvX.woff      [39m[1m[2m  7.72 kB[22m[1m[22m
[2m../src/openjarvis/server/static/[22m[32massets/KaTeX_Script-Regular-D3wIWfF6.woff2       [39m[1m[2m  9.64 kB[22m[1m[22m
[2m../src/openjarvis/server/static/[22m[32massets/KaTeX_SansSerif-Regular-DDBCnlJ7.woff2    [39m[1m[2m 10.34 kB[22m[1m[22m
[2m../src/openjarvis/server/static/[22m[32massets/KaTeX_Size4-Regular-DWFBv043.ttf          [39m[1m[2m 10.36 kB[22m[1m[22m
[2m../src/openjarvis/server/static/[22m[32massets/KaTeX_Script-Regular-D5yQViql.woff        [39m[1m[2m 10.59 kB[22m[1m[22m
[2m../src/openjarvis/server/static/[22m[32massets/KaTeX_Fraktur-Regular-CTYiF6lA.woff2      [39m[1m[2m 11.32 kB[22m[1m[22m
[2m../src/openjarvis/server/static/[22m[32massets/KaTeX_Fraktur-Bold-CL6g_b3V.woff2         [39m[1m[2m 11.35 kB[22m[1m[22m
[2m../src/openjarvis/server/static/[22m[32massets/KaTeX_Size2-Regular-B7gKUWhC.ttf          [39m[1m[2m 11.51 kB[22m[1m[22m
[2m../src/openjarvis/server/static/[22m[32massets/KaTeX_SansSerif-Italic-C3H0VqGB.woff2     [39m[1m[2m 12.03 kB[22m[1m[22m
[2m../src/openjarvis/server/static/[22m[32massets/KaTeX_SansSerif-Bold-D1sUS0GD.woff2       [39m[1m[2m 12.22 kB[22m[1m[22m
[2m../src/openjarvis/server/static/[22m[32massets/KaTeX_Size1-Regular-Dbsnue_I.ttf          [39m[1m[2m 12.23 kB[22m[1m[22m
[2m../src/openjarvis/server/static/[22m[32massets/KaTeX_SansSerif-Regular-CS6fqUqJ.woff     [39m[1m[2m 12.32 kB[22m[1m[22m
[2m../src/openjarvis/server/static/[22m[32massets/KaTeX_Caligraphic-Regular-wX97UBjC.ttf    [39m[1m[2m 12.34 kB[22m[1m[22m
[2m../src/openjarvis/server/static/[22m[32massets/KaTeX_Caligraphic-Bold-ATXxdsX0.ttf       [39m[1m[2m 12.37 kB[22m[1m[22m
[2m../src/openjarvis/server/static/[22m[32massets/KaTeX_Fraktur-Regular-Dxdc4cR9.woff       [39m[1m[2m 13.21 kB[22m[1m[22m
[2m../src/openjarvis/server/static/[22m[32massets/KaTeX_Fraktur-Bold-BsDP51OF.woff          [39m[1m[2m 13.30 kB[22m[1m[22m
[2m../src/openjarvis/server/static/[22m[32massets/KaTeX_Typewriter-Regular-CO6r4hn1.woff2   [39m[1m[2m 13.57 kB[22m[1m[22m
[2m../src/openjarvis/server/static/[22m[32massets/KaTeX_SansSerif-Italic-DN2j7dab.woff      [39m[1m[2m 14.11 kB[22m[1m[22m
[2m../src/openjarvis/server/static/[22m[32massets/KaTeX_SansSerif-Bold-DbIhKOiC.woff        [39m[1m[2m 14.41 kB[22m[1m[22m
[2m../src/openjarvis/server/static/[22m[32massets/KaTeX_Typewriter-Regular-C0xS9mPB.woff    [39m[1m[2m 16.03 kB[22m[1m[22m
[2m../src/openjarvis/server/static/[22m[32massets/KaTeX_Math-BoldItalic-CZnvNsCZ.woff2      [39m[1m[2m 16.40 kB[22m[1m[22m
[2m../src/openjarvis/server/static/[22m[32massets/KaTeX_Math-Italic-t53AETM-.woff2          [39m[1m[2m 16.44 kB[22m[1m[22m
[2m../src/openjarvis/server/static/[22m[32massets/KaTeX_Script-Regular-C5JkGWo-.ttf         [39m[1m[2m 16.65 kB[22m[1m[22m
[2m../src/openjarvis/server/static/[22m[32massets/KaTeX_Main-BoldItalic-DxDJ3AOS.woff2      [39m[1m[2m 16.78 kB[22m[1m[22m
[2m../src/openjarvis/server/static/[22m[32massets/KaTeX_Main-Italic-NWA7e6Wa.woff2          [39m[1m[2m 16.99 kB[22m[1m[22m
[2m../src/openjarvis/server/static/[22m[32massets/KaTeX_Math-BoldItalic-iY-2wyZ7.woff       [39m[1m[2m 18.67 kB[22m[1m[22m
[2m../src/openjarvis/server/static/[22m[32massets/KaTeX_Math-Italic-DA0__PXp.woff           [39m[1m[2m 18.75 kB[22m[1m[22m
[2m../src/openjarvis/server/static/[22m[32massets/KaTeX_Main-BoldItalic-SpSLRI95.woff       [39m[1m[2m 19.41 kB[22m[1m[22m
[2m../src/openjarvis/server/static/[22m[32massets/KaTeX_SansSerif-Regular-BNo7hRIc.ttf      [39m[1m[2m 19.44 kB[22m[1m[22m
[2m../src/openjarvis/server/static/[22m[32massets/KaTeX_Fraktur-Regular-CB_wures.ttf        [39m[1m[2m 19.57 kB[22m[1m[22m
[2m../src/openjarvis/server/static/[22m[32massets/KaTeX_Fraktur-Bold-BdnERNNW.ttf           [39m[1m[2m 19.58 kB[22m[1m[22m
[2m../src/openjarvis/server/static/[22m[32massets/KaTeX_Main-Italic-BMLOBm91.woff           [39m[1m[2m 19.68 kB[22m[1m[22m
[2m../src/openjarvis/server/static/[22m[32massets/KaTeX_SansSerif-Italic-YYjJ1zSn.ttf       [39m[1m[2m 22.36 kB[22m[1m[22m
[2m../src/openjarvis/server/static/[22m[32massets/KaTeX_SansSerif-Bold-CFMepnvq.ttf         [39m[1m[2m 24.50 kB[22m[1m[22m
[2m../src/openjarvis/server/static/[22m[32massets/KaTeX_Main-Bold-Cx986IdX.woff2            [39m[1m[2m 25.32 kB[22m[1m[22m
[2m../src/openjarvis/server/static/[22m[32massets/KaTeX_Main-Regular-B22Nviop.woff2         [39m[1m[2m 26.27 kB[22m[1m[22m
[2m../src/openjarvis/server/static/[22m[32massets/KaTeX_Typewriter-Regular-D3Ib7_Hf.ttf     [39m[1m[2m 27.56 kB[22m[1m[22m
[2m../src/openjarvis/server/static/[22m[32massets/KaTeX_AMS-Regular-BQhdFMY1.woff2          [39m[1m[2m 28.08 kB[22m[1m[22m
[2m../src/openjarvis/server/static/[22m[32massets/KaTeX_Main-Bold-Jm3AIy58.woff             [39m[1m[2m 29.91 kB[22m[1m[22m
[2m../src/openjarvis/server/static/[22m[32massets/KaTeX_Main-Regular-Dr94JaBh.woff          [39m[1m[2m 30.77 kB[22m[1m[22m
[2m../src/openjarvis/server/static/[22m[32massets/KaTeX_Math-BoldItalic-B3XSjfu4.ttf        [39m[1m[2m 31.20 kB[22m[1m[22m
[2m../src/openjarvis/server/static/[22m[32massets/KaTeX_Math-Italic-flOr_0UB.ttf            [39m[1m[2m 31.31 kB[22m[1m[22m
[2m../src/openjarvis/server/static/[22m[32massets/KaTeX_Main-BoldItalic-DzxPMmG6.ttf        [39m[1m[2m 32.97 kB[22m[1m[22m
[2m../src/openjarvis/server/static/[22m[32massets/KaTeX_AMS-Regular-DMm9YOAa.woff           [39m[1m[2m 33.52 kB[22m[1m[22m
[2m../src/openjarvis/server/static/[22m[32massets/KaTeX_Main-Italic-3WenGoN9.ttf            [39m[1m[2m 33.58 kB[22m[1m[22m
[2m../src/openjarvis/server/static/[22m[32massets/KaTeX_Main-Bold-waoOVXN0.ttf              [39m[1m[2m 51.34 kB[22m[1m[22m
[2m../src/openjarvis/server/static/[22m[32massets/KaTeX_Main-Regular-ypZvNtVU.ttf           [39m[1m[2m 53.58 kB[22m[1m[22m
[2m../src/openjarvis/server/static/[22m[32massets/KaTeX_AMS-Regular-DRggAlZN.ttf            [39m[1m[2m 63.63 kB[22m[1m[22m
[2m../src/openjarvis/server/static/[22m[35massets/index-D10Vdihd.css                        [39m[1m[2m 91.05 kB[22m[1m[22m[2m Γöé gzip:  20.47 kB[22m
[2m../src/openjarvis/server/static/[22m[36massets/react-l0sNRNKZ.js                         [39m[1m[2m  0.00 kB[22m[1m[22m[2m Γöé gzip:   0.02 kB[22m
[2m../src/openjarvis/server/static/[22m[36massets/index-Dm_QtxGQ.js                         [39m[1m[2m  1.45 kB[22m[1m[22m[2m Γöé gzip:   0.50 kB[22m
[2m../src/openjarvis/server/static/[22m[36massets/core-DhEqZVGG.js                          [39m[1m[2m  2.44 kB[22m[1m[22m[2m Γöé gzip:   0.98 kB[22m
[2m../src/openjarvis/server/static/[22m[36massets/router-DS8tesSE.js                        [39m[1m[2m 44.59 kB[22m[1m[22m[2m Γöé gzip:  16.01 kB[22m
[2m../src/openjarvis/server/static/[22m[36massets/markdown-8lJBaJcI.js                      [39m[1m[2m335.57 kB[22m[1m[22m[2m Γöé gzip: 101.91 kB[22m
[2m../src/openjarvis/server/static/[22m[36massets/charts-BREZI13p.js                        [39m[1m[2m358.80 kB[22m[1m[22m[2m Γöé gzip: 107.19 kB[22m
[2m../src/openjarvis/server/static/[22m[36massets/index-B9UENh9Q.js                         [39m[1m[33m920.75 kB[39m[22m[2m Γöé gzip: 263.77 kB[22m
[33m
(!) Some chunks are larger than 500 kB after minification. Consider:
- Using dynamic import() to code-split the application
- Use build.rollupOptions.output.manualChunks to improve chunking: 
https://rollupjs.org/configuration-options/#output-manualchunks
- Adjust chunk size limit for this warning via build.chunkSizeWarningLimit.[39m
[32mΓ£ô built in 10.48s[39m

PWA v1.2.0
mode      generateSW
precache  17 entries (2273.75 KiB)
files generated
  ../src/openjarvis/server/static/sw.js
  ../src/openjarvis/server/static/workbox-8c29f6e4.js
